error TS6054: File '[System.Text.Encoding]::UTF8' has an unsupported extension. The only supported extensions are '.ts', '.tsx', '.d.ts', '.cts', '.d.cts', '.mts', '.d.mts'.
  The file is in the program because:
    Root file specified for compilation
error TS6231: Could not resolve the path '=' with the extensions: '.ts', '.tsx', '.d.ts', '.cts', '.d.cts', '.mts', '.d.mts'.
  The file is in the program because:
    Root file specified for compilation
error TS6231: Could not resolve the path '[Console]::OutputEncoding' with the extensions: '.ts', '.tsx', '.d.ts', '.cts', '.d.cts', '.mts', '.d.mts'.
  The file is in the program because:
    Root file specified for compilation
